05:27:51 **** Incremental Build of configuration Debug for project 02_GPIO ****
make -j8 all 
arm-none-eabi-gcc "../drivers/Src/gpio.c" -mcpu=cortex-m4 -std=gnu11 -g3 -DDEBUG -DSTM32 -DSTM32F401RETx -DSTM32F4 -c -I../Inc -I"/home/sleman/_git/DRIVER/02_GPIO/drivers/Inc" -O0 -ffunction-sections -fdata-sections -Wall -fstack-usage -fcyclomatic-complexity -MMD -MP -MF"drivers/Src/gpio.d" -MT"drivers/Src/gpio.o" --specs=nano.specs -mfpu=fpv4-sp-d16 -mfloat-abi=hard -mthumb -o "drivers/Src/gpio.o"
arm-none-eabi-gcc "../Src/main.c" -mcpu=cortex-m4 -std=gnu11 -g3 -DDEBUG -DSTM32 -DSTM32F401RETx -DSTM32F4 -c -I../Inc -I"/home/sleman/_git/DRIVER/02_GPIO/drivers/Inc" -O0 -ffunction-sections -fdata-sections -Wall -fstack-usage -fcyclomatic-complexity -MMD -MP -MF"Src/main.d" -MT"Src/main.o" --specs=nano.specs -mfpu=fpv4-sp-d16 -mfloat-abi=hard -mthumb -o "Src/main.o"
arm-none-eabi-gcc -o "02_GPIO.elf" @"objects.list"   -mcpu=cortex-m4 -T"/home/sleman/_git/DRIVER/02_GPIO/STM32F401RETX_FLASH.ld" --specs=nosys.specs -Wl,-Map="02_GPIO.map" -Wl,--gc-sections -static --specs=nano.specs -mfpu=fpv4-sp-d16 -mfloat-abi=hard -mthumb -Wl,--start-group -lc -lm -Wl,--end-group
Finished building target: 02_GPIO.elf
 
arm-none-eabi-size  02_GPIO.elf 
arm-none-eabi-objdump -h -S 02_GPIO.elf  > "02_GPIO.list"
   text	   data	    bss	    dec	    hex	filename
    656	      8	   1568	   2232	    8b8	02_GPIO.elf
Finished building: default.size.stdout
 
Finished building: 02_GPIO.list
 
