Archive member included to satisfy reference by file (symbol)

/opt/st/stm32cubeide_1.14.0/plugins/com.st.stm32cube.ide.mcu.externaltools.gnu-tools-for-stm32.11.3.rel1.linux64_1.1.100.202309141235/tools/bin/../lib/gcc/arm-none-eabi/11.3.1/../../../../arm-none-eabi/lib/thumb/v7e-m+fp/hard/libc_nano.a(libc_a-exit.o)
                              /opt/st/stm32cubeide_1.14.0/plugins/com.st.stm32cube.ide.mcu.externaltools.gnu-tools-for-stm32.11.3.rel1.linux64_1.1.100.202309141235/tools/bin/../lib/gcc/arm-none-eabi/11.3.1/../../../../arm-none-eabi/lib/thumb/v7e-m+fp/hard/crt0.o (exit)
/opt/st/stm32cubeide_1.14.0/plugins/com.st.stm32cube.ide.mcu.externaltools.gnu-tools-for-stm32.11.3.rel1.linux64_1.1.100.202309141235/tools/bin/../lib/gcc/arm-none-eabi/11.3.1/../../../../arm-none-eabi/lib/thumb/v7e-m+fp/hard/libc_nano.a(libc_a-findfp.o)
                              /opt/st/stm32cubeide_1.14.0/plugins/com.st.stm32cube.ide.mcu.externaltools.gnu-tools-for-stm32.11.3.rel1.linux64_1.1.100.202309141235/tools/bin/../lib/gcc/arm-none-eabi/11.3.1/../../../../arm-none-eabi/lib/thumb/v7e-m+fp/hard/libc_nano.a(libc_a-exit.o) (__stdio_exit_handler)
/opt/st/stm32cubeide_1.14.0/plugins/com.st.stm32cube.ide.mcu.externaltools.gnu-tools-for-stm32.11.3.rel1.linux64_1.1.100.202309141235/tools/bin/../lib/gcc/arm-none-eabi/11.3.1/../../../../arm-none-eabi/lib/thumb/v7e-m+fp/hard/libc_nano.a(libc_a-fwalk.o)
                              /opt/st/stm32cubeide_1.14.0/plugins/com.st.stm32cube.ide.mcu.externaltools.gnu-tools-for-stm32.11.3.rel1.linux64_1.1.100.202309141235/tools/bin/../lib/gcc/arm-none-eabi/11.3.1/../../../../arm-none-eabi/lib/thumb/v7e-m+fp/hard/libc_nano.a(libc_a-findfp.o) (_fwalk_sglue)
/opt/st/stm32cubeide_1.14.0/plugins/com.st.stm32cube.ide.mcu.externaltools.gnu-tools-for-stm32.11.3.rel1.linux64_1.1.100.202309141235/tools/bin/../lib/gcc/arm-none-eabi/11.3.1/../../../../arm-none-eabi/lib/thumb/v7e-m+fp/hard/libc_nano.a(libc_a-stdio.o)
                              /opt/st/stm32cubeide_1.14.0/plugins/com.st.stm32cube.ide.mcu.externaltools.gnu-tools-for-stm32.11.3.rel1.linux64_1.1.100.202309141235/tools/bin/../lib/gcc/arm-none-eabi/11.3.1/../../../../arm-none-eabi/lib/thumb/v7e-m+fp/hard/libc_nano.a(libc_a-findfp.o) (__sread)
/opt/st/stm32cubeide_1.14.0/plugins/com.st.stm32cube.ide.mcu.externaltools.gnu-tools-for-stm32.11.3.rel1.linux64_1.1.100.202309141235/tools/bin/../lib/gcc/arm-none-eabi/11.3.1/../../../../arm-none-eabi/lib/thumb/v7e-m+fp/hard/libc_nano.a(libc_a-memset.o)
                              /opt/st/stm32cubeide_1.14.0/plugins/com.st.stm32cube.ide.mcu.externaltools.gnu-tools-for-stm32.11.3.rel1.linux64_1.1.100.202309141235/tools/bin/../lib/gcc/arm-none-eabi/11.3.1/../../../../arm-none-eabi/lib/thumb/v7e-m+fp/hard/crt0.o (memset)
/opt/st/stm32cubeide_1.14.0/plugins/com.st.stm32cube.ide.mcu.externaltools.gnu-tools-for-stm32.11.3.rel1.linux64_1.1.100.202309141235/tools/bin/../lib/gcc/arm-none-eabi/11.3.1/../../../../arm-none-eabi/lib/thumb/v7e-m+fp/hard/libc_nano.a(libc_a-closer.o)
                              /opt/st/stm32cubeide_1.14.0/plugins/com.st.stm32cube.ide.mcu.externaltools.gnu-tools-for-stm32.11.3.rel1.linux64_1.1.100.202309141235/tools/bin/../lib/gcc/arm-none-eabi/11.3.1/../../../../arm-none-eabi/lib/thumb/v7e-m+fp/hard/libc_nano.a(libc_a-stdio.o) (_close_r)
/opt/st/stm32cubeide_1.14.0/plugins/com.st.stm32cube.ide.mcu.externaltools.gnu-tools-for-stm32.11.3.rel1.linux64_1.1.100.202309141235/tools/bin/../lib/gcc/arm-none-eabi/11.3.1/../../../../arm-none-eabi/lib/thumb/v7e-m+fp/hard/libc_nano.a(libc_a-reent.o)
                              /opt/st/stm32cubeide_1.14.0/plugins/com.st.stm32cube.ide.mcu.externaltools.gnu-tools-for-stm32.11.3.rel1.linux64_1.1.100.202309141235/tools/bin/../lib/gcc/arm-none-eabi/11.3.1/../../../../arm-none-eabi/lib/thumb/v7e-m+fp/hard/libc_nano.a(libc_a-closer.o) (errno)
/opt/st/stm32cubeide_1.14.0/plugins/com.st.stm32cube.ide.mcu.externaltools.gnu-tools-for-stm32.11.3.rel1.linux64_1.1.100.202309141235/tools/bin/../lib/gcc/arm-none-eabi/11.3.1/../../../../arm-none-eabi/lib/thumb/v7e-m+fp/hard/libc_nano.a(libc_a-impure.o)
                              /opt/st/stm32cubeide_1.14.0/plugins/com.st.stm32cube.ide.mcu.externaltools.gnu-tools-for-stm32.11.3.rel1.linux64_1.1.100.202309141235/tools/bin/../lib/gcc/arm-none-eabi/11.3.1/../../../../arm-none-eabi/lib/thumb/v7e-m+fp/hard/libc_nano.a(libc_a-reent.o) (_impure_ptr)
/opt/st/stm32cubeide_1.14.0/plugins/com.st.stm32cube.ide.mcu.externaltools.gnu-tools-for-stm32.11.3.rel1.linux64_1.1.100.202309141235/tools/bin/../lib/gcc/arm-none-eabi/11.3.1/../../../../arm-none-eabi/lib/thumb/v7e-m+fp/hard/libc_nano.a(libc_a-lseekr.o)
                              /opt/st/stm32cubeide_1.14.0/plugins/com.st.stm32cube.ide.mcu.externaltools.gnu-tools-for-stm32.11.3.rel1.linux64_1.1.100.202309141235/tools/bin/../lib/gcc/arm-none-eabi/11.3.1/../../../../arm-none-eabi/lib/thumb/v7e-m+fp/hard/libc_nano.a(libc_a-stdio.o) (_lseek_r)
[...]
Memory Configuration

Name             Origin             Length             Attributes
RAM              0x0000000020000000 0x0000000000018000 xrw
FLASH            0x0000000008000000 0x0000000000080000 xr
*default*        0x0000000000000000 0xffffffffffffffff

Linker script and memory map

LOAD /opt/st/stm32cubeide_1.14.0/plugins/com.st.stm32cube.ide.mcu.externaltools.gnu-tools-for-stm32.11.3.rel1.linux64_1.1.100.202309141235/tools/bin/../lib/gcc/arm-none-eabi/11.3.1/thumb/v7e-m+fp/hard/crti.o
LOAD /opt/st/stm32cubeide_1.14.0/plugins/com.st.stm32cube.ide.mcu.externaltools.gnu-tools-for-stm32.11.3.rel1.linux64_1.1.100.202309141235/tools/bin/../lib/gcc/arm-none-eabi/11.3.1/thumb/v7e-m+fp/hard/crtbegin.o
LOAD /opt/st/stm32cubeide_1.14.0/plugins/com.st.stm32cube.ide.mcu.externaltools.gnu-tools-for-stm32.11.3.rel1.linux64_1.1.100.202309141235/tools/bin/../lib/gcc/arm-none-eabi/11.3.1/../../../../arm-none-eabi/lib/thumb/v7e-m+fp/hard/crt0.o
LOAD ./Src/03button_interrupt.o
LOAD ./Src/syscalls.o
LOAD ./Src/sysmem.o
LOAD ./Startup/startup_stm32f401retx.o
LOAD ./drivers/Src/gpio.o
START GROUP
LOAD /opt/st/stm32cubeide_1.14.0/plugins/com.st.stm32cube.ide.mcu.externaltools.gnu-tools-for-stm32.11.3.rel1.linux64_1.1.100.202309141235/tools/bin/../lib/gcc/arm-none-eabi/11.3.1/../../../../arm-none-eabi/lib/thumb/v7e-m+fp/hard/libc_nano.a
LOAD /opt/st/stm32cubeide_1.14.0/plugins/com.st.stm32cube.ide.mcu.externaltools.gnu-tools-for-stm32.11.3.rel1.linux64_1.1.100.202309141235/tools/bin/../lib/gcc/arm-none-eabi/11.3.1/../../../../arm-none-eabi/lib/thumb/v7e-m+fp/hard/libm.a
END GROUP
START GROUP
LOAD /opt/st/stm32cubeide_1.14.0/plugins/com.st.stm32cube.ide.mcu.externaltools.gnu-tools-for-stm32.11.3.rel1.linux64_1.1.100.202309141235/tools/bin/../lib/gcc/arm-none-eabi/11.3.1/thumb/v7e-m+fp/hard/libgcc.a
LOAD /opt/st/stm32cubeide_1.14.0/plugins/com.st.stm32cube.ide.mcu.externaltools.gnu-tools-for-stm32.11.3.rel1.linux64_1.1.100.202309141235/tools/bin/../lib/gcc/arm-none-eabi/11.3.1/../../../../arm-none-eabi/lib/thumb/v7e-m+fp/hard/libc_nano.a
END GROUP
START GROUP
LOAD /opt/st/stm32cubeide_1.14.0/plugins/com.st.stm32cube.ide.mcu.externaltools.gnu-tools-for-stm32.11.3.rel1.linux64_1.1.100.202309141235/tools/bin/../lib/gcc/arm-none-eabi/11.3.1/thumb/v7e-m+fp/hard/libgcc.a
LOAD /opt/st/stm32cubeide_1.14.0/plugins/com.st.stm32cube.ide.mcu.externaltools.gnu-tools-for-stm32.11.3.rel1.linux64_1.1.100.202309141235/tools/bin/../lib/gcc/arm-none-eabi/11.3.1/../../../../arm-none-eabi/lib/thumb/v7e-m+fp/hard/libc_nano.a
LOAD /opt/st/stm32cubeide_1.14.0/plugins/com.st.stm32cube.ide.mcu.externaltools.gnu-tools-for-stm32.11.3.rel1.linux64_1.1.100.202309141235/tools/bin/../lib/gcc/arm-none-eabi/11.3.1/../../../../arm-none-eabi/lib/thumb/v7e-m+fp/hard/libnosys.a
END GROUP
START GROUP
LOAD /opt/st/stm32cubeide_1.14.0/plugins/com.st.stm32cube.ide.mcu.externaltools.gnu-tools-for-stm32.11.3.rel1.linux64_1.1.100.202309141235/tools/bin/../lib/gcc/arm-none-eabi/11.3.1/thumb/v7e-m+fp/hard/libgcc.a
LOAD /opt/st/stm32cubeide_1.14.0/plugins/com.st.stm32cube.ide.mcu.externaltools.gnu-tools-for-stm32.11.3.rel1.linux64_1.1.100.202309141235/tools/bin/../lib/gcc/arm-none-eabi/11.3.1/../../../../arm-none-eabi/lib/thumb/v7e-m+fp/hard/libc_nano.a
LOAD /opt/st/stm32cubeide_1.14.0/plugins/com.st.stm32cube.ide.mcu.externaltools.gnu-tools-for-stm32.11.3.rel1.linux64_1.1.100.202309141235/tools/bin/../lib/gcc/arm-none-eabi/11.3.1/../../../../arm-none-eabi/lib/thumb/v7e-m+fp/hard/libnosys.a
END GROUP
LOAD /opt/st/stm32cubeide_1.14.0/plugins/com.st.stm32cube.ide.mcu.externaltools.gnu-tools-for-stm32.11.3.rel1.linux64_1.1.100.202309141235/tools/bin/../lib/gcc/arm-none-eabi/11.3.1/thumb/v7e-m+fp/hard/crtend.o
LOAD /opt/st/stm32cubeide_1.14.0/plugins/com.st.stm32cube.ide.mcu.externaltools.gnu-tools-for-stm32.11.3.rel1.linux64_1.1.100.202309141235/tools/bin/../lib/gcc/arm-none-eabi/11.3.1/thumb/v7e-m+fp/hard/crtn.o
                0x0000000020018000                _estack = (ORIGIN (RAM) + LENGTH (RAM))
                0x0000000000000200                _Min_Heap_Size = 0x200
                0x0000000000000400                _Min_Stack_Size = 0x400

.isr_vector     0x0000000008000000      0x194
                0x0000000008000000                . = ALIGN (0x4)
 *(.isr_vector)
 .isr_vector    0x0000000008000000      0x194 ./Startup/startup_stm32f401retx.o
                0x0000000008000000                g_pfnVectors
                0x0000000008000194                . = ALIGN (0x4)

.text           0x0000000008000194      0x828
                0x0000000008000194                . = ALIGN (0x4)
 *(.text)
 .text          0x0000000008000194       0x40 /opt/st/stm32cubeide_1.14.0/plugins/com.st.stm32cube.ide.mcu.externaltools.gnu-tools-for-stm32.11.3.rel1.linux64_1.1.100.202309141235/tools/bin/../lib/gcc/arm-none-eabi/11.3.1/thumb/v7e-m+fp/hard/crtbegin.o
 *(.text*)
 .text.delay    0x00000000080001d4       0x2c ./Src/03button_interrupt.o
                0x00000000080001d4                delay
 .text.debounce
                0x0000000008000200       0x2c ./Src/03button_interrupt.o
                0x0000000008000200                debounce
 .text.main     0x000000000800022c       0xd0 ./Src/03button_interrupt.o
                0x000000000800022c                main
 .text.EXTI15_10_IRQHandler
                0x00000000080002fc       0x20 ./Src/03button_interrupt.o
                0x00000000080002fc                EXTI15_10_IRQHandler
 .text.Reset_Handler
                0x000000000800031c       0x50 ./Startup/startup_stm32f401retx.o
                0x000000000800031c                Reset_Handler
 .text.Default_Handler
                0x000000000800036c        0x2 ./Startup/startup_stm32f401retx.o
                0x000000000800036c                EXTI2_IRQHandler
                0x000000000800036c                DebugMon_Handler
                0x000000000800036c                SPI4_IRQHandler
                0x000000000800036c                TIM1_CC_IRQHandler
                0x000000000800036c                DMA2_Stream5_IRQHandler
                0x000000000800036c                HardFault_Handler
                0x000000000800036c                DMA1_Stream5_IRQHandler
                0x000000000800036c                SysTick_Handler
                0x000000000800036c                SDIO_IRQHandler
                0x000000000800036c                TAMP_STAMP_IRQHandler
                0x000000000800036c                PendSV_Handler
                0x000000000800036c                NMI_Handler
                0x000000000800036c                EXTI3_IRQHandler
                0x000000000800036c                TIM1_UP_TIM10_IRQHandler
                0x000000000800036c                I2C3_ER_IRQHandler
                0x000000000800036c                EXTI18_OTG_FS_WKUP_IRQHandler
                0x000000000800036c                EXTI0_IRQHandler
                0x000000000800036c                I2C2_EV_IRQHandler
                0x000000000800036c                DMA1_Stream2_IRQHandler
                0x000000000800036c                UsageFault_Handler
                0x000000000800036c                DMA2_Stream2_IRQHandler
                0x000000000800036c                SPI1_IRQHandler
                0x000000000800036c                TIM1_BRK_TIM9_IRQHandler
                0x000000000800036c                DMA2_Stream3_IRQHandler
                0x000000000800036c                USART6_IRQHandler
                0x000000000800036c                DMA2_Stream0_IRQHandler
                0x000000000800036c                TIM4_IRQHandler
                0x000000000800036c                I2C1_EV_IRQHandler
                0x000000000800036c                DMA1_Stream6_IRQHandler
                0x000000000800036c                DMA1_Stream1_IRQHandler
                0x000000000800036c                TIM3_IRQHandler
                0x000000000800036c                RCC_IRQHandler
                0x000000000800036c                Default_Handler
                0x000000000800036c                ADC_IRQHandler
                0x000000000800036c                DMA1_Stream7_IRQHandler
                0x000000000800036c                TIM5_IRQHandler
                0x000000000800036c                DMA2_Stream7_IRQHandler
                0x000000000800036c                I2C3_EV_IRQHandler
                0x000000000800036c                EXTI9_5_IRQHandler
                0x000000000800036c                SPI2_IRQHandler
                0x000000000800036c                MemManage_Handler
                0x000000000800036c                DMA1_Stream0_IRQHandler
                0x000000000800036c                SVC_Handler
                0x000000000800036c                EXTI4_IRQHandler
                0x000000000800036c                EXTI22_RTC_WKUP_IRQHandler
                0x000000000800036c                TIM2_IRQHandler
                0x000000000800036c                EXTI16_PVD_IRQHandler
                0x000000000800036c                TIM1_TRG_COM_TIM11_IRQHandler
                0x000000000800036c                EXTI1_IRQHandler
                0x000000000800036c                EXTI17_RTC_Alarm_IRQHandler
                0x000000000800036c                USART2_IRQHandler
                0x000000000800036c                I2C2_ER_IRQHandler
                0x000000000800036c                DMA2_Stream1_IRQHandler
                0x000000000800036c                FLASH_IRQHandler
                0x000000000800036c                DMA2_Stream4_IRQHandler
                0x000000000800036c                BusFault_Handler
                0x000000000800036c                USART1_IRQHandler
                0x000000000800036c                OTG_FS_IRQHandler
                0x000000000800036c                SPI3_IRQHandler
                0x000000000800036c                DMA1_Stream4_IRQHandler
                0x000000000800036c                I2C1_ER_IRQHandler
                0x000000000800036c                DMA2_Stream6_IRQHandler
                0x000000000800036c                DMA1_Stream3_IRQHandler
 *fill*         0x000000000800036e        0x2 
 .text.GPIO_PeriClockControl
                0x0000000008000370       0xbc ./drivers/Src/gpio.o
                0x0000000008000370                GPIO_PeriClockControl
 .text.GPIO_Init
                0x000000000800042c      0x308 ./drivers/Src/gpio.o
                0x000000000800042c                GPIO_Init
 .text.GPIO_WriteToOutputPin
                0x0000000008000734       0x4a ./drivers/Src/gpio.o
                0x0000000008000734                GPIO_WriteToOutputPin
 .text.GPIO_ToggleOutputPin
                0x000000000800077e       0x2a ./drivers/Src/gpio.o
                0x000000000800077e                GPIO_ToggleOutputPin
 .text.GPIO_IRQITConfig
                0x00000000080007a8      0x108 ./drivers/Src/gpio.o
                0x00000000080007a8                GPIO_IRQITConfig
 .text.GPIO_IRQPriorityConfig
                0x00000000080008b0       0x5c ./drivers/Src/gpio.o
                0x00000000080008b0                GPIO_IRQPriorityConfig
 .text.GPIO_IRQHandling
                0x000000000800090c       0x40 ./drivers/Src/gpio.o
                0x000000000800090c                GPIO_IRQHandling
 .text.memset   0x000000000800094c       0x10 /opt/st/stm32cubeide_1.14.0/plugins/com.st.stm32cube.ide.mcu.externaltools.gnu-tools-for-stm32.11.3.rel1.linux64_1.1.100.202309141235/tools/bin/../lib/gcc/arm-none-eabi/11.3.1/../../../../arm-none-eabi/lib/thumb/v7e-m+fp/hard/libc_nano.a(libc_a-memset.o)
                0x000000000800094c                memset
 .text.__libc_init_array
                0x000000000800095c       0x48 /opt/st/stm32cubeide_1.14.0/plugins/com.st.stm32cube.ide.mcu.externaltools.gnu-tools-for-stm32.11.3.rel1.linux64_1.1.100.202309141235/tools/bin/../lib/gcc/arm-none-eabi/11.3.1/../../../../arm-none-eabi/lib/thumb/v7e-m+fp/hard/libc_nano.a(libc_a-init.o)
                0x000000000800095c                __libc_init_array
 *(.glue_7)
 .glue_7        0x00000000080009a4        0x0 linker stubs
 *(.glue_7t)
 .glue_7t       0x00000000080009a4        0x0 linker stubs
 *(.eh_frame)
 .eh_frame      0x00000000080009a4        0x0 /opt/st/stm32cubeide_1.14.0/plugins/com.st.stm32cube.ide.mcu.externaltools.gnu-tools-for-stm32.11.3.rel1.linux64_1.1.100.202309141235/tools/bin/../lib/gcc/arm-none-eabi/11.3.1/thumb/v7e-m+fp/hard/crtbegin.o
 *(.init)
 .init          0x00000000080009a4        0x4 /opt/st/stm32cubeide_1.14.0/plugins/com.st.stm32cube.ide.mcu.externaltools.gnu-tools-for-stm32.11.3.rel1.linux64_1.1.100.202309141235/tools/bin/../lib/gcc/arm-none-eabi/11.3.1/thumb/v7e-m+fp/hard/crti.o
                0x00000000080009a4                _init
 .init          0x00000000080009a8        0x8 /opt/st/stm32cubeide_1.14.0/plugins/com.st.stm32cube.ide.mcu.externaltools.gnu-tools-for-stm32.11.3.rel1.linux64_1.1.100.202309141235/tools/bin/../lib/gcc/arm-none-eabi/11.3.1/thumb/v7e-m+fp/hard/crtn.o
 *(.fini)
 .fini          0x00000000080009b0        0x4 /opt/st/stm32cubeide_1.14.0/plugins/com.st.stm32cube.ide.mcu.externaltools.gnu-tools-for-stm32.11.3.rel1.linux64_1.1.100.202309141235/tools/bin/../lib/gcc/arm-none-eabi/11.3.1/thumb/v7e-m+fp/hard/crti.o
                0x00000000080009b0                _fini
 .fini          0x00000000080009b4        0x8 /opt/st/stm32cubeide_1.14.0/plugins/com.st.stm32cube.ide.mcu.externaltools.gnu-tools-for-stm32.11.3.rel1.linux64_1.1.100.202309141235/tools/bin/../lib/gcc/arm-none-eabi/11.3.1/thumb/v7e-m+fp/hard/crtn.o
                0x00000000080009bc                . = ALIGN (0x4)
                0x00000000080009bc                _etext = .

.vfp11_veneer   0x00000000080009bc        0x0
 .vfp11_veneer  0x00000000080009bc        0x0 linker stubs

.v4_bx          0x00000000080009bc        0x0
 .v4_bx         0x00000000080009bc        0x0 linker stubs

.iplt           0x00000000080009bc        0x0
 .iplt          0x00000000080009bc        0x0 /opt/st/stm32cubeide_1.14.0/plugins/com.st.stm32cube.ide.mcu.externaltools.gnu-tools-for-stm32.11.3.rel1.linux64_1.1.100.202309141235/tools/bin/../lib/gcc/arm-none-eabi/11.3.1/thumb/v7e-m+fp/hard/crtbegin.o

.rel.dyn        0x00000000080009bc        0x0
 .rel.iplt      0x00000000080009bc        0x0 /opt/st/stm32cubeide_1.14.0/plugins/com.st.stm32cube.ide.mcu.externaltools.gnu-tools-for-stm32.11.3.rel1.linux64_1.1.100.202309141235/tools/bin/../lib/gcc/arm-none-eabi/11.3.1/thumb/v7e-m+fp/hard/crtbegin.o

.rodata         0x00000000080009bc        0x0
                0x00000000080009bc                . = ALIGN (0x4)
 *(.rodata)
 *(.rodata*)
                0x00000000080009bc                . = ALIGN (0x4)

.ARM.extab      0x00000000080009bc        0x0
                0x00000000080009bc                . = ALIGN (0x4)
 *(.ARM.extab* .gnu.linkonce.armextab.*)
                0x00000000080009bc                . = ALIGN (0x4)

.ARM            0x00000000080009bc        0x0
                0x00000000080009bc                . = ALIGN (0x4)
                0x00000000080009bc                __exidx_start = .
 *(.ARM.exidx*)
                0x00000000080009bc                __exidx_end = .
                0x00000000080009bc                . = ALIGN (0x4)

.preinit_array  0x00000000080009bc        0x0
                0x00000000080009bc                . = ALIGN (0x4)
                0x00000000080009bc                PROVIDE (__preinit_array_start = .)
 *(.preinit_array*)
                0x00000000080009bc                PROVIDE (__preinit_array_end = .)
                0x00000000080009bc                . = ALIGN (0x4)

.init_array     0x00000000080009bc        0x4
                0x00000000080009bc                . = ALIGN (0x4)
                0x00000000080009bc                PROVIDE (__init_array_start = .)
 *(SORT_BY_NAME(.init_array.*))
 *(.init_array*)
 .init_array    0x00000000080009bc        0x4 /opt/st/stm32cubeide_1.14.0/plugins/com.st.stm32cube.ide.mcu.externaltools.gnu-tools-for-stm32.11.3.rel1.linux64_1.1.100.202309141235/tools/bin/../lib/gcc/arm-none-eabi/11.3.1/thumb/v7e-m+fp/hard/crtbegin.o
                0x00000000080009c0                PROVIDE (__init_array_end = .)
                0x00000000080009c0                . = ALIGN (0x4)

.fini_array     0x00000000080009c0        0x4
                0x00000000080009c0                . = ALIGN (0x4)
                [!provide]                        PROVIDE (__fini_array_start = .)
 *(SORT_BY_NAME(.fini_array.*))
 *(.fini_array*)
 .fini_array    0x00000000080009c0        0x4 /opt/st/stm32cubeide_1.14.0/plugins/com.st.stm32cube.ide.mcu.externaltools.gnu-tools-for-stm32.11.3.rel1.linux64_1.1.100.202309141235/tools/bin/../lib/gcc/arm-none-eabi/11.3.1/thumb/v7e-m+fp/hard/crtbegin.o
                [!provide]                        PROVIDE (__fini_array_end = .)
                0x00000000080009c4                . = ALIGN (0x4)
                0x00000000080009c4                _sidata = LOADADDR (.data)

.data           0x0000000020000000        0x0 load address 0x00000000080009c4
                0x0000000020000000                . = ALIGN (0x4)
                0x0000000020000000                _sdata = .
 *(.data)
 *(.data*)
 *(.RamFunc)
 *(.RamFunc*)
                0x0000000020000000                . = ALIGN (0x4)
                0x0000000020000000                _edata = .

.igot.plt       0x0000000020000000        0x0 load address 0x00000000080009c4
 .igot.plt      0x0000000020000000        0x0 /opt/st/stm32cubeide_1.14.0/plugins/com.st.stm32cube.ide.mcu.externaltools.gnu-tools-for-stm32.11.3.rel1.linux64_1.1.100.202309141235/tools/bin/../lib/gcc/arm-none-eabi/11.3.1/thumb/v7e-m+fp/hard/crtbegin.o
                0x0000000020000000                . = ALIGN (0x4)

.bss            0x0000000020000000       0x1c load address 0x00000000080009c4
                0x0000000020000000                _sbss = .
                0x0000000020000000                __bss_start__ = _sbss
 *(.bss)
 .bss           0x0000000020000000       0x1c /opt/st/stm32cubeide_1.14.0/plugins/com.st.stm32cube.ide.mcu.externaltools.gnu-tools-for-stm32.11.3.rel1.linux64_1.1.100.202309141235/tools/bin/../lib/gcc/arm-none-eabi/11.3.1/thumb/v7e-m+fp/hard/crtbegin.o
 *(.bss*)
 *(COMMON)
                0x000000002000001c                . = ALIGN (0x4)
                0x000000002000001c                _ebss = .
                0x000000002000001c                __bss_end__ = _ebss

._user_heap_stack
                0x000000002000001c      0x604 load address 0x00000000080009c4
                0x0000000020000020                . = ALIGN (0x8)
 *fill*         0x000000002000001c        0x4 
                [!provide]                        PROVIDE (end = .)
                0x0000000020000020                PROVIDE (_end = .)
                0x0000000020000220                . = (. + _Min_Heap_Size)
 *fill*         0x0000000020000020      0x200 
                0x0000000020000620                . = (. + _Min_Stack_Size)
 *fill*         0x0000000020000220      0x400 
                0x0000000020000620                . = ALIGN (0x8)

/DISCARD/
 libc.a(*)
 libm.a(*)
 libgcc.a(*)

.ARM.attributes
                0x0000000000000000       0x30
 *(.ARM.attributes)
 .ARM.attributes
                0x0000000000000000       0x1e /opt/st/stm32cubeide_1.14.0/plugins/com.st.stm32cube.ide.mcu.externaltools.gnu-tools-for-stm32.11.3.rel1.linux64_1.1.100.202309141235/tools/bin/../lib/gcc/arm-none-eabi/11.3.1/thumb/v7e-m+fp/hard/crti.o
 .ARM.attributes
                0x000000000000001e       0x34 /opt/st/stm32cubeide_1.14.0/plugins/com.st.stm32cube.ide.mcu.externaltools.gnu-tools-for-stm32.11.3.rel1.linux64_1.1.100.202309141235/tools/bin/../lib/gcc/arm-none-eabi/11.3.1/thumb/v7e-m+fp/hard/crtbegin.o
 .ARM.attributes
                0x0000000000000052       0x34 ./Src/03button_interrupt.o
 .ARM.attributes
                0x0000000000000086       0x21 ./Startup/startup_stm32f401retx.o
 .ARM.attributes
                0x00000000000000a7       0x34 ./drivers/Src/gpio.o
 .ARM.attributes
                0x00000000000000db       0x34 /opt/st/stm32cubeide_1.14.0/plugins/com.st.stm32cube.ide.mcu.externaltools.gnu-tools-for-stm32.11.3.rel1.linux64_1.1.100.202309141235/tools/bin/../lib/gcc/arm-none-eabi/11.3.1/../../../../arm-none-eabi/lib/thumb/v7e-m+fp/hard/libc_nano.a(libc_a-memset.o)
 .ARM.attributes
                0x000000000000010f       0x34 /opt/st/stm32cubeide_1.14.0/plugins/com.st.stm32cube.ide.mcu.externaltools.gnu-tools-for-stm32.11.3.rel1.linux64_1.1.100.202309141235/tools/bin/../lib/gcc/arm-none-eabi/11.3.1/../../../../arm-none-eabi/lib/thumb/v7e-m+fp/hard/libc_nano.a(libc_a-init.o)
 .ARM.attributes
                0x0000000000000143       0x1e /opt/st/stm32cubeide_1.14.0/plugins/com.st.stm32cube.ide.mcu.externaltools.gnu-tools-for-stm32.11.3.rel1.linux64_1.1.100.202309141235/tools/bin/../lib/gcc/arm-none-eabi/11.3.1/thumb/v7e-m+fp/hard/crtn.o
OUTPUT(02_GPIO.elf elf32-littlearm)
LOAD linker stubs
LOAD /opt/st/stm32cubeide_1.14.0/plugins/com.st.stm32cube.ide.mcu.externaltools.gnu-tools-for-stm32.11.3.rel1.linux64_1.1.100.202309141235/tools/bin/../lib/gcc/arm-none-eabi/11.3.1/../../../../arm-none-eabi/lib/thumb/v7e-m+fp/hard/libc.a
LOAD /opt/st/stm32cubeide_1.14.0/plugins/com.st.stm32cube.ide.mcu.externaltools.gnu-tools-for-stm32.11.3.rel1.linux64_1.1.100.202309141235/tools/bin/../lib/gcc/arm-none-eabi/11.3.1/../../../../arm-none-eabi/lib/thumb/v7e-m+fp/hard/libm.a
LOAD /opt/st/stm32cubeide_1.14.0/plugins/com.st.stm32cube.ide.mcu.externaltools.gnu-tools-for-stm32.11.3.rel1.linux64_1.1.100.202309141235/tools/bin/../lib/gcc/arm-none-eabi/11.3.1/thumb/v7e-m+fp/hard/libgcc.a

.comment        0x0000000000000000       0x43
 .comment       0x0000000000000000       0x43 /opt/st/stm32cubeide_1.14.0/plugins/com.st.stm32cube.ide.mcu.externaltools.gnu-tools-for-stm32.11.3.rel1.linux64_1.1.100.202309141235/tools/bin/../lib/gcc/arm-none-eabi/11.3.1/thumb/v7e-m+fp/hard/crtbegin.o
                                         0x44 (size before relaxing)
 .comment       0x0000000000000043       0x44 ./Src/03button_interrupt.o
 .comment       0x0000000000000043       0x44 ./drivers/Src/gpio.o

.debug_info     0x0000000000000000      0xa59
 .debug_info    0x0000000000000000      0x34d ./Src/03button_interrupt.o
 .debug_info    0x000000000000034d       0x23 ./Startup/startup_stm32f401retx.o
 .debug_info    0x0000000000000370      0x6e9 ./drivers/Src/gpio.o

.debug_abbrev   0x0000000000000000      0x2da
 .debug_abbrev  0x0000000000000000      0x167 ./Src/03button_interrupt.o
 .debug_abbrev  0x0000000000000167       0x12 ./Startup/startup_stm32f401retx.o
 .debug_abbrev  0x0000000000000179      0x161 ./drivers/Src/gpio.o

.debug_aranges  0x0000000000000000       0xd0
 .debug_aranges
                0x0000000000000000       0x38 ./Src/03button_interrupt.o
 .debug_aranges
                0x0000000000000038       0x28 ./Startup/startup_stm32f401retx.o
 .debug_aranges
                0x0000000000000060       0x70 ./drivers/Src/gpio.o

.debug_rnglists
                0x0000000000000000       0x92
 .debug_rnglists
                0x0000000000000000       0x26 ./Src/03button_interrupt.o
 .debug_rnglists
                0x0000000000000026       0x19 ./Startup/startup_stm32f401retx.o
 .debug_rnglists
                0x000000000000003f       0x53 ./drivers/Src/gpio.o

.debug_macro    0x0000000000000000     0x1e90
 .debug_macro   0x0000000000000000      0x153 ./Src/03button_interrupt.o
 .debug_macro   0x0000000000000153      0xaae ./Src/03button_interrupt.o
 .debug_macro   0x0000000000000c01       0x22 ./Src/03button_interrupt.o
 .debug_macro   0x0000000000000c23       0x5b ./Src/03button_interrupt.o
 .debug_macro   0x0000000000000c7e       0x2a ./Src/03button_interrupt.o
 .debug_macro   0x0000000000000ca8       0x94 ./Src/03button_interrupt.o
 .debug_macro   0x0000000000000d3c       0x43 ./Src/03button_interrupt.o
 .debug_macro   0x0000000000000d7f       0x34 ./Src/03button_interrupt.o
 .debug_macro   0x0000000000000db3      0x174 ./Src/03button_interrupt.o
 .debug_macro   0x0000000000000f27       0x16 ./Src/03button_interrupt.o
 .debug_macro   0x0000000000000f3d       0x43 ./Src/03button_interrupt.o
 .debug_macro   0x0000000000000f80       0x57 ./Src/03button_interrupt.o
 .debug_macro   0x0000000000000fd7       0x34 ./Src/03button_interrupt.o
 .debug_macro   0x000000000000100b       0x10 ./Src/03button_interrupt.o
 .debug_macro   0x000000000000101b       0x58 ./Src/03button_interrupt.o
 .debug_macro   0x0000000000001073       0x8e ./Src/03button_interrupt.o
 .debug_macro   0x0000000000001101       0x1c ./Src/03button_interrupt.o
 .debug_macro   0x000000000000111d      0x177 ./Src/03button_interrupt.o
 .debug_macro   0x0000000000001294      0x369 ./Src/03button_interrupt.o
 .debug_macro   0x00000000000015fd       0x10 ./Src/03button_interrupt.o
 .debug_macro   0x000000000000160d       0x35 ./Src/03button_interrupt.o
 .debug_macro   0x0000000000001642       0x20 ./Src/03button_interrupt.o
 .debug_macro   0x0000000000001662      0x103 ./Src/03button_interrupt.o
 .debug_macro   0x0000000000001765       0x6a ./Src/03button_interrupt.o
 .debug_macro   0x00000000000017cf      0x1df ./Src/03button_interrupt.o
 .debug_macro   0x00000000000019ae      0x2b5 ./Src/03button_interrupt.o
 .debug_macro   0x0000000000001c63       0xc4 ./Src/03button_interrupt.o
 .debug_macro   0x0000000000001d27       0x8a ./drivers/Src/gpio.o
 .debug_macro   0x0000000000001db1       0x8e ./drivers/Src/gpio.o
 .debug_macro   0x0000000000001e3f       0x51 ./drivers/Src/gpio.o

.debug_line     0x0000000000000000      0xea6
 .debug_line    0x0000000000000000      0x5bd ./Src/03button_interrupt.o
 .debug_line    0x00000000000005bd       0x7b ./Startup/startup_stm32f401retx.o
 .debug_line    0x0000000000000638      0x86e ./drivers/Src/gpio.o

.debug_str      0x0000000000000000     0x8607
 .debug_str     0x0000000000000000     0x83d3 ./Src/03button_interrupt.o
                                       0x85cd (size before relaxing)
 .debug_str     0x00000000000083d3       0x2f ./Startup/startup_stm32f401retx.o
                                         0x56 (size before relaxing)
 .debug_str     0x0000000000008402      0x205 ./drivers/Src/gpio.o
                                       0x52e7 (size before relaxing)

.debug_frame    0x0000000000000000      0x2b0
 .debug_frame   0x0000000000000000       0x9c ./Src/03button_interrupt.o
 .debug_frame   0x000000000000009c      0x1c8 ./drivers/Src/gpio.o
 .debug_frame   0x0000000000000264       0x20 /opt/st/stm32cubeide_1.14.0/plugins/com.st.stm32cube.ide.mcu.externaltools.gnu-tools-for-stm32.11.3.rel1.linux64_1.1.100.202309141235/tools/bin/../lib/gcc/arm-none-eabi/11.3.1/../../../../arm-none-eabi/lib/thumb/v7e-m+fp/hard/libc_nano.a(libc_a-memset.o)
 .debug_frame   0x0000000000000284       0x2c /opt/st/stm32cubeide_1.14.0/plugins/com.st.stm32cube.ide.mcu.externaltools.gnu-tools-for-stm32.11.3.rel1.linux64_1.1.100.202309141235/tools/bin/../lib/gcc/arm-none-eabi/11.3.1/../../../../arm-none-eabi/lib/thumb/v7e-m+fp/hard/libc_nano.a(libc_a-init.o)

.debug_line_str
                0x0000000000000000       0x4a
 .debug_line_str
                0x0000000000000000       0x4a ./Startup/startup_stm32f401retx.o
                                         0x62 (size before relaxing)
